#-----------------------------------------------------------
# Vivado v2012.4.0 (64-bit)
# Build 207449 by xbuild on Mon Oct  8 21:04:01 MDT 2012
# Start of session at: Tue Oct  9 14:41:11 2012
# Process ID: 24242
# Log file: /proj/ipco/users/hshah/ankit/scripts/vivado.log
# Journal file: /proj/ipco/users/hshah/ankit/scripts/vivado.jou
#-----------------------------------------------------------
source -notrace "/proj/rdi/public/packages/HEAD/latest/internal/planAhead/scripts/init.tcl"
start_gui
create_project Barrelshifter_1pt7ns /home/ankitko/ankit/barrelshifter/BarrelShifter_brl_1_64/Barrelshifter_1pt7ns -part xc7vx690tffg1761-2
add_files -norecurse {/home/ankitko/ankit/barrelshifter/BarrelShifter_brl_1_64/src/BarrelShifter_brl_1_64.v /home/ankitko/ankit/barrelshifter/BarrelShifter_brl_1_64/src/BarrelShifter_brl_1_64_Top.v}
import_files -force -norecurse
import_files -fileset constrs_1 -force -norecurse /home/ankitko/ankit/barrelshifter/BarrelShifter_brl_1_64/src/BarrelShifter_brl_1_64.xdc
update_compile_order -fileset sources_1
update_compile_order -fileset sim_1
synth_design -rtl -name rtl_1
set_property iostandard LVCMOS18 [get_ports [list {dataTX[36]}]]
set_property iostandard LVCMOS18 [get_ports [list {dataTX[19]}]]
save_design
launch_runs synth_1
wait_on_run synth_1
launch_runs impl_1
wait_on_run impl_1
launch_runs impl_1 -to_step write_bitstream
wait_on_run impl_1
close_design
open_run impl_1
report_timing -delay_type min_max -max_paths 10 -sort_by group -input_pins -name post_route_timng -file /home/ankitko/ankit/barrelshifter/BarrelShifter_brl_1_64/Barrelshifter_1pt7ns/post_route_timing_report.txt
report_timing -delay_type max -max_paths 3 -sort_by group -path_type full -input_pins -name post_route_timng -file /home/ankitko/ankit/barrelshifter/BarrelShifter_brl_1_64/Barrelshifter_1pt7ns/post_route_maxtiming_report.rpt
report_timing -delay_type max -max_paths 3 -path_type full -input_pins -name post_route_timng -file /home/ankitko/ankit/barrelshifter/BarrelShifter_brl_1_64/Barrelshifter_1pt7ns/post_route_maxtiming_report.rpt
report_timing -delay_type max -max_paths 3 -path_type full -input_pins -name post_route_timng -file /home/ankitko/ankit/barrelshifter/BarrelShifter_brl_1_64/Barrelshifter_1pt7ns/post_route_maxtiming_report.rpt
close_project
create_project bshifter_brl_2_64 /home/ankitko/ankit/barrelshifter/BarrelShifter_brl_2_64/bshifter_brl_2_64 -part xc7vx690tffg1761-2
add_files -norecurse {/home/ankitko/ankit/barrelshifter/BarrelShifter_brl_2_64/src/BarrelShifter_brl_2_64.v /home/ankitko/ankit/barrelshifter/BarrelShifter_brl_2_64/src/BarrelShifter_brl_2_64_Top.v}
import_files -force -norecurse
import_files -fileset constrs_1 -force -norecurse /home/ankitko/ankit/barrelshifter/BarrelShifter_brl_2_64/src/BarrelShifter_brl_2_64.xdc
update_compile_order -fileset sources_1
update_compile_order -fileset sim_1
synth_design -rtl -name rtl_1
launch_runs synth_1
wait_on_run synth_1
launch_runs impl_1
wait_on_run impl_1
close_design
open_run impl_1
report_timing -delay_type max -max_paths 3 -sort_by group -input_pins -path_type full -name post_route_timing -file /home/ankitko/ankit/barrelshifter/BarrelShifter_brl_2_64/bshifter_brl_2_64/bshifter_brl_2_64_timing_report.rpt
report_timing -delay_type max -max_paths 3 -path_type full -input_pins -name post_route_timng -file /home/ankitko/ankit/barrelshifter/BarrelShifter_brl_2_64/bshifter_brl_2_64/bshifter_brl_2_64_timing_report.rpt
close_project
create_project Barrelshifter_brl_2_256 /home/ankitko/ankit/barrelshifter/BarrelShifter_brl_2_256/Barrelshifter_brl_2_256 -part xc7vx690tffg1761-2
add_files -norecurse {/home/ankitko/ankit/barrelshifter/BarrelShifter_brl_2_256/src/BarrelShifter_brl_2_256.v /home/ankitko/ankit/barrelshifter/BarrelShifter_brl_2_256/src/BarrelShifter_brl_2_256_Top.v}
import_files -force -norecurse
close [ open /home/ankitko/ankit/barrelshifter/BarrelShifter_brl_2_256/src/bshifter_brl_2_256.xdc w ]
import_files -fileset constrs_1 /home/ankitko/ankit/barrelshifter/BarrelShifter_brl_2_256/src/bshifter_brl_2_256.xdc
update_compile_order -fileset sources_1
update_compile_order -fileset sim_1
synth_design -rtl -name rtl_1
set_property target_constrs_file /home/ankitko/ankit/barrelshifter/BarrelShifter_brl_2_256/Barrelshifter_brl_2_256/Barrelshifter_brl_2_256.srcs/constrs_1/imports/src/bshifter_brl_2_256.xdc [current_fileset -constrset]
save_design -force
launch_runs synth_1
wait_on_run synth_1
launch_runs impl_1
wait_on_run impl_1
close_design
open_run impl_1
report_timing -delay_type max -max_paths 3 -path_type full -input_pins -name post_route_timng -file /home/ankitko/ankit/barrelshifter/BarrelShifter_brl_2_256/Barrelshifter_brl_2_256/bshifter_brl_2_64/bshifter_brl_2_256_timing_report.rpt
report_timing -delay_type max -max_paths 3 -path_type full -input_pins -name post_route_timng -file /home/ankitko/ankit/barrelshifter/BarrelShifter_brl_2_256/Barrelshifter_brl_2_256/bshifter_brl_2_256_timing_report.rpt
report_timing -delay_type max -max_paths 3 -path_type full -input_pins -name post_route_timng -file /home/ankitko/ankit/barrelshifter/BarrelShifter_brl_2_256/bshifter_brl_2_256/bshifter_brl_2_256_timing_report.rpt
close_project
create_project bshifter_brl_1_1024 /home/ankitko/ankit/barrelshifter/BarrelShifter_brl_1_1024/bshifter_brl_1_1024 -part xc7vx690tffg1761-2
add_files -norecurse {/home/ankitko/ankit/barrelshifter/BarrelShifter_brl_1_1024/src/BarrelShifter_brl_1_1024.v /home/ankitko/ankit/barrelshifter/BarrelShifter_brl_1_1024/src/BarrelShifter_brl_1_1024_Top.v}
import_files -force -norecurse
close [ open /home/ankitko/ankit/barrelshifter/BarrelShifter_brl_1_1024/src/bshifter_brl_1_1024.xdc w ]
import_files -fileset constrs_1 /home/ankitko/ankit/barrelshifter/BarrelShifter_brl_1_1024/src/bshifter_brl_1_1024.xdc
update_compile_order -fileset sources_1
update_compile_order -fileset sim_1
synth_design -rtl -name rtl_1
set_property target_constrs_file /home/ankitko/ankit/barrelshifter/BarrelShifter_brl_1_1024/bshifter_brl_1_1024/bshifter_brl_1_1024.srcs/constrs_1/imports/src/bshifter_brl_1_1024.xdc [current_fileset -constrset]
save_design -force
launch_runs synth_1
wait_on_run synth_1
reset_run synth_1
launch_runs synth_1
wait_on_run synth_1
reset_run synth_1
save_design
launch_runs synth_1
wait_on_run synth_1
reset_run synth_1
save_design
launch_runs synth_1
wait_on_run synth_1
launch_runs impl_1
wait_on_run impl_1
close_design
open_run impl_1
report_timing -delay_type max -max_paths 3 -path_type full -input_pins -name post_route_timng -file /home/ankitko/ankit/barrelshifter/BarrelShifter_brl_1_1024/bshifter_brl_1_1024/bshifter_brl_1_1024_timing_report.rpt
close_design
synth_design -rtl -name rtl_1
save_design
set_property needs_refresh false [get_runs synth_1]
set_property needs_refresh false [get_runs impl_1]
reset_run impl_1
launch_runs impl_1
wait_on_run impl_1
close_design
open_run impl_1
report_timing -delay_type max -max_paths 3 -path_type full -input_pins -name post_route_timng -file /home/ankitko/ankit/barrelshifter/BarrelShifter_brl_1_1024/bshifter_brl_1_1024/bshifter_brl_1_1024_timing_report.rpt
synth_design -rtl -name rtl_1
save_design
reset_run synth_1
launch_runs synth_1
save_design
close_project
open_project /home/ankitko/ankit/barrelshifter/BarrelShifter_brl_1_1024/bshifter_brl_1_1024/bshifter_brl_1_1024.xpr
launch_runs synth_1
reset_run synth_1
close_project
create_project bshifter_brl_1_1024 /home/ankitko/ankit/barrelshifter/BarrelShifter_brl_1_1024/bshifter_brl_1_1024 -part xc7vx1140tflg1928-2
add_files -norecurse {/home/ankitko/ankit/barrelshifter/BarrelShifter_brl_1_1024/src/BarrelShifter_brl_1_1024.v /home/ankitko/ankit/barrelshifter/BarrelShifter_brl_1_1024/src/BarrelShifter_brl_1_1024_Top.v}
import_files -force -norecurse
import_files -fileset constrs_1 -force -norecurse /home/ankitko/ankit/barrelshifter/BarrelShifter_brl_1_1024/src/bshifter_brl_1_1024.xdc
update_compile_order -fileset sources_1
update_compile_order -fileset sim_1
launch_runs synth_1
launch_runs synth_1
